MonkeyLives 100 l
ScrVRes 102 l
ScrHRes 104 l
ScreenRow 106 l
MemTop 108 l
BufPtr 10C l
StkLowPt 110 l
HeapEnd 114 l
TheZone 118 l
UTableBase 11C l
MacJmp 120 l
DskRtnAdr 124 l
PollRtnAdr 128 l
DskVerify 12C l
LoadTrap 12D l
MmInOk 12E l
CPUFlag 12F l
ApplLimit 130 l
SonyVars 134 l
PWMValue 138 l
PollStack 13A l
PollProc 13E l
DskErr 142 l
SysEvtMask 144 l
SysEvtBuf 146 l
EventQueue 14A l
EvtBufCnt 154 l
RndSeed 156 l
SysVersion 15A l
SEvtEnb 15C l
DSWndUpdate 15D l
FontFlag 15E l
IntFlag 15F l
VBLQueue 160 l
Ticks 16A l
MBTicks 16E l
MBState 172 l
KeyMap 174 l
KeypadMap 17C l
UnitNtryCnt 1D2 l
VIA 1D4 l
SCCRd 1D8 l
SCCWr 1DC l
IWM 1E0 l
KbdVars 216 l
KbdType 21E l
AlarmState 21F l
JGNEFilter 29A l
Key1Trans 29E l
Key2Trans 2A2 l
SysZone 2A6 l
ApplZone 2AA l
ROMBase 2AE l
RAMBase 2B2 l
ExpandMem 2B6 l
DSAlertTab 2BA l
ExtStsDT 2BE l
DefltStack 322 l
FlushOnly 346 l
NoEject 34B l
ScrnBase 824 l
RawMouse 82C l
Mouse 830 l
CrsrPin 834 l
CrsrRect 83C l
TheCrsr 844 l
CrsrAddr 888 l
CrsrSave 88C l
CrsrVis 8CC l
CrsrBusy 8CD l
CrsrNew 8CE l
CrsrCouple 8CF l
CrsrState 8D0 l
CrsrObscure 8D2 l
CrsrScale 8D3 l
MouseMask 8D6 l
MouseOffset 8DA l
LaunchFlag 902 l
KeyMVars B04 l
PWMBuf1 B0A l
BootMask B0E l
WidthPtr B10 l
LAPMgrPtr B18 l
HWCfgFlags B22 l
TimeSCSIDB B24 l
WidthTabHandle B2A l
TimeVars B30 l
BtDskRfn B34 l
NTSC B3E l
jDiskSel B40 l
jSendCmd B44 l
jDCDReset B48 l
SCSIGlobals C0C l
LastSPExtra B4C l
MenuDisable B54 l
ROMMapInsert B9E l
WordRedraw BA5 l
SysFontFam BA6 l
TESysJust BAC l
HiHeapMark BAE l
LastFOND BC2 l
FONDID BC6 l
App2Packs BC8 l
SCSIBase C00 l
SCSIDMA C04 l
SCSIHsk C08 l
RGBBlack C10 l
RGBWhite C16 l
RowBits C20 l
ColLines C22 l
ScreenBytes C24 l
IOPMgrVars C28 l
NMIFlag C2C l
SCSIPoll C2F l
SEVarBase C30 l
SEPC C70 l
SESR C74 l
SECmdSiz C7A l
MBdotAddr CA8 l
MBlocAddr CAC l
MMUType CB1 l
BoxFlag CB3 l
ASCBase CC0 l
SMGlobals CC4 l
TheGDevice CC8 l
AuxWinHead CD0 l
WarmStart CFC l
TimeDBRA D00 l
TimeSCCDB D02 l
PmgrBase D18 l
TableSeed D20 l
VertRRate D30 l
MickeyBytes D6A l
JSwapMMU DBC l